ðŸŒŸ This was machine generated.  Do not edit. ðŸŒŸ

Frame[0] {
    "notices": [
        {
            "text": "hello"
        }
    ],
    "executedQueryString": "SELECT * FROM X"
}

export interface YourFrameView {
  "Single float64": number; // float64
  strval: string; // string
  nillstrval?: string; // *string
  time: number; // time.Time
}



Name: Frame One
Dimensions: 4 Fields by 3 Rows
+----------------------+----------------+------------------+-------------------------------+
| Name: Single float64 | Name: strval   | Name: nillstrval | Name: time                    |
| Labels:              | Labels:        | Labels:          | Labels:                       |
| Type: []float64      | Type: []string | Type: []*string  | Type: []time.Time             |
+----------------------+----------------+------------------+-------------------------------+
| 8.26                 | a              | A                | 1999-11-30 00:00:00 +0000 UTC |
| 8.7                  | b              | null             | 2000-11-30 00:00:00 +0000 UTC |
| 14.82                | c              | A                | 2001-11-30 00:00:00 +0000 UTC |
+----------------------+----------------+------------------+-------------------------------+



Frame[1] export interface YourFrameView {
  "single string": string; // string
}



Name: Frame Two
Dimensions: 1 Fields by 3 Rows
+---------------------+
| Name: single string |
| Labels: a=b         |
| Type: []string      |
+---------------------+
| a                   |
| b                   |
| c                   |
+---------------------+


====== TEST DATA RESPONSE (arrow base64) ======
FRAME=QVJST1cxAAD/////8AIAABAAAAAAAAoADgAMAAsABAAKAAAAFAAAAAAAAAEDAAoADAAAAAgABAAKAAAACAAAAMAAAAADAAAAVAAAACgAAAAEAAAAtP3//wgAAAAMAAAAAAAAAAAAAAAFAAAAcmVmSWQAAADU/f//CAAAABQAAAAJAAAARnJhbWUgT25lAAAABAAAAG5hbWUAAAAA/P3//wgAAABQAAAARgAAAHsibm90aWNlcyI6W3sidGV4dCI6ImhlbGxvIn1dLCJleGVjdXRlZFF1ZXJ5U3RyaW5nIjoiU0VMRUNUICogRlJPTSBYIn0AAAQAAABtZXRhAAAAAAQAAABMAQAA2AAAAHQAAAAEAAAA1v7//xQAAAA8AAAAPAAAAAAAAAo8AAAAAQAAAAQAAACU/v//CAAAABAAAAAEAAAAdGltZQAAAAAEAAAAbmFtZQAAAAAAAAAAfv7//wAAAwAEAAAAdGltZQAAEgAYABQAEwASAAwAAAAIAAQAEgAAABQAAABAAAAAQAAAAAAABQE8AAAAAQAAAAQAAAAA////CAAAABQAAAAKAAAAbmlsbHN0cnZhbAAABAAAAG5hbWUAAAAAAAAAAKT///8KAAAAbmlsbHN0cnZhbAAAov///xQAAAA8AAAAQAAAAAAAAAU8AAAAAQAAAAQAAABg////CAAAABAAAAAGAAAAc3RydmFsAAAEAAAAbmFtZQAAAAAAAAAABAAEAAQAAAAGAAAAc3RydmFsAAAAABIAGAAUAAAAEwAMAAAACAAEABIAAAAUAAAAgAAAAIgAAAAAAAADiAAAAAIAAAA8AAAABAAAANT///8IAAAAGAAAAA4AAABTaW5nbGUgZmxvYXQ2NAAABAAAAG5hbWUAAAAACAAMAAgABAAIAAAACAAAABwAAAASAAAAeyJ1bml0IjoiUGVyY2VudCJ9AAAGAAAAY29uZmlnAAAAAAAAAAAGAAgABgAGAAAAAAACAA4AAABTaW5nbGUgZmxvYXQ2NAAA/////zgBAAAUAAAAAAAAAAwAFgAUABMADAAEAAwAAABoAAAAAAAAABQAAAAAAAADAwAKABgADAAIAAQACgAAABQAAAC4AAAAAwAAAAAAAAAAAAAACgAAAAAAAAAAAAAAAAAAAAAAAAAAAAAAAAAAABgAAAAAAAAAGAAAAAAAAAAAAAAAAAAAABgAAAAAAAAAEAAAAAAAAAAoAAAAAAAAAAgAAAAAAAAAMAAAAAAAAAAIAAAAAAAAADgAAAAAAAAAEAAAAAAAAABIAAAAAAAAAAgAAAAAAAAAUAAAAAAAAAAAAAAAAAAAAFAAAAAAAAAAGAAAAAAAAAAAAAAABAAAAAMAAAAAAAAAAAAAAAAAAAADAAAAAAAAAAAAAAAAAAAAAwAAAAAAAAABAAAAAAAAAAMAAAAAAAAAAAAAAAAAAACF61G4HoUgQGZmZmZmZiFApHA9CtejLUAAAAAAAQAAAAIAAAADAAAAYWJjAAAAAAAFAAAAAAAAAAAAAAABAAAAAQAAAAIAAABBQQAAAAAAAAAAYyg9ehkNAABV56TSiQ0AAPgUeNz5DRAAAAAMABQAEgAMAAgABAAMAAAAEAAAACwAAAA8AAAAAAADAAEAAAAAAwAAAAAAAEABAAAAAAAAaAAAAAAAAAAAAAAAAAAAAAAAAAAAAAoADAAAAAgABAAKAAAACAAAAMAAAAADAAAAVAAAACgAAAAEAAAAtP3//wgAAAAMAAAAAAAAAAAAAAAFAAAAcmVmSWQAAADU/f//CAAAABQAAAAJAAAARnJhbWUgT25lAAAABAAAAG5hbWUAAAAA/P3//wgAAABQAAAARgAAAHsibm90aWNlcyI6W3sidGV4dCI6ImhlbGxvIn1dLCJleGVjdXRlZFF1ZXJ5U3RyaW5nIjoiU0VMRUNUICogRlJPTSBYIn0AAAQAAABtZXRhAAAAAAQAAABMAQAA2AAAAHQAAAAEAAAA1v7//xQAAAA8AAAAPAAAAAAAAAo8AAAAAQAAAAQAAACU/v//CAAAABAAAAAEAAAAdGltZQAAAAAEAAAAbmFtZQAAAAAAAAAAfv7//wAAAwAEAAAAdGltZQAAEgAYABQAEwASAAwAAAAIAAQAEgAAABQAAABAAAAAQAAAAAAABQE8AAAAAQAAAAQAAAAA////CAAAABQAAAAKAAAAbmlsbHN0cnZhbAAABAAAAG5hbWUAAAAAAAAAAKT///8KAAAAbmlsbHN0cnZhbAAAov///xQAAAA8AAAAQAAAAAAAAAU8AAAAAQAAAAQAAABg////CAAAABAAAAAGAAAAc3RydmFsAAAEAAAAbmFtZQAAAAAAAAAABAAEAAQAAAAGAAAAc3RydmFsAAAAABIAGAAUAAAAEwAMAAAACAAEABIAAAAUAAAAgAAAAIgAAAAAAAADiAAAAAIAAAA8AAAABAAAANT///8IAAAAGAAAAA4AAABTaW5nbGUgZmxvYXQ2NAAABAAAAG5hbWUAAAAACAAMAAgABAAIAAAACAAAABwAAAASAAAAeyJ1bml0IjoiUGVyY2VudCJ9AAAGAAAAY29uZmlnAAAAAAAAAAAGAAgABgAGAAAAAAACAA4AAABTaW5nbGUgZmxvYXQ2NAAAIAMAAEFSUk9XMQ==
FRAME=QVJST1cxAAD/////gAEAABAAAAAAAAoADgAMAAsABAAKAAAAFAAAAAAAAAEDAAoADAAAAAgABAAKAAAACAAAAFgAAAACAAAAKAAAAAQAAAAg////CAAAAAwAAAAAAAAAAAAAAAUAAAByZWZJZAAAAED///8IAAAAFAAAAAkAAABGcmFtZSBUd28AAAAEAAAAbmFtZQAAAAABAAAAGAAAAAAAEgAYABQAAAATAAwAAAAIAAQAEgAAABQAAACwAAAAtAAAAAAAAAWwAAAAAwAAAGgAAAA0AAAABAAAAKz///8IAAAAGAAAAA0AAABzaW5nbGUgc3RyaW5nAAAABAAAAG5hbWUAAAAA2P///wgAAAAUAAAACQAAAHsiYSI6ImIifQAAAAYAAABsYWJlbHMAAAgADAAIAAQACAAAAAgAAAAgAAAAFQAAAHsiZGlzcGxheU5hbWUiOiIxMjMifQAAAAYAAABjb25maWcAAAAAAAAEAAQABAAAAA0AAABzaW5nbGUgc3RyaW5nAAAAAAAAAP////+YAAAAFAAAAAAAAAAMABYAFAATAAwABAAMAAAAGAAAAAAAAAAUAAAAAAAAAwMACgAYAAwACAAEAAoAAAAUAAAASAAAAAMAAAAAAAAAAAAAAAMAAAAAAAAAAAAAAAAAAAAAAAAAAAAAAAAAAAAQAAAAAAAAABAAAAAAAAAACAAAAAAAAAAAAAAAAQAAAAMAAAAAAAAAAAAAAAAAAAAAAAAAAQAAAAIAAAADAAAAYWJjAAAAAAAQAAAADAAUABIADAAIAAQADAAAABAAAAAsAAAAOAAAAAAAAwABAAAAkAEAAAAAAACgAAAAAAAAABgAAAAAAAAAAAAAAAAAAAAAAAoADAAAAAgABAAKAAAACAAAAFgAAAACAAAAKAAAAAQAAAAg////CAAAAAwAAAAAAAAAAAAAAAUAAAByZWZJZAAAAED///8IAAAAFAAAAAkAAABGcmFtZSBUd28AAAAEAAAAbmFtZQAAAAABAAAAGAAAAAAAEgAYABQAAAATAAwAAAAIAAQAEgAAABQAAACwAAAAtAAAAAAAAAWwAAAAAwAAAGgAAAA0AAAABAAAAKz///8IAAAAGAAAAA0AAABzaW5nbGUgc3RyaW5nAAAABAAAAG5hbWUAAAAA2P///wgAAAAUAAAACQAAAHsiYSI6ImIifQAAAAYAAABsYWJlbHMAAAgADAAIAAQACAAAAAgAAAAgAAAAFQAAAHsiZGlzcGxheU5hbWUiOiIxMjMifQAAAAYAAABjb25maWcAAAAAAAAEAAQABAAAAA0AAABzaW5nbGUgc3RyaW5nAAAAqAEAAEFSUk9XMQ==
